
> frontend@0.0.0 build
> tsc -b && vite build

src/pages/portal/PortalLayout.tsx(1,20): error TS6133: 'useEffect' is declared but its value is never read.
src/pages/StudentDashboard.tsx(2,1): error TS6133: 'Link' is declared but its value is never read.
